// Jest Snapshot v1, https://goo.gl/fbAQLP

exports[`renders correctly 1`] = `
<div
  className="App"
>
  <span
    className="test"
  >
    hi 
    Click Me
  </span>
</div>
`;
